[23:38:19] [ServerMain/INFO]: Environment: Environment[sessionHost=https://sessionserver.mojang.com, servicesHost=https://api.minecraftservices.com, profilesHost=https://api.mojang.com, name=PROD]
[23:38:20] [ServerMain/INFO]: Loaded 1461 recipes
[23:38:20] [ServerMain/INFO]: Loaded 1574 advancements
[23:38:20] [Server thread/INFO]: Starting minecraft server version 1.21.9
[23:38:20] [Server thread/INFO]: Loading properties
[23:38:20] [Server thread/INFO]: Default game type: SURVIVAL
[23:38:20] [Server thread/INFO]: Generating keypair
[23:38:21] [Server thread/INFO]: Starting Minecraft server on *:25565
[23:38:21] [Server thread/INFO]: Using epoll channel type
[23:38:21] [Server thread/WARN]: **** SERVER IS RUNNING IN OFFLINE/INSECURE MODE!
[23:38:21] [Server thread/WARN]: The server will make no attempt to authenticate usernames. Beware.
[23:38:21] [Server thread/WARN]: While this makes the game possible to play without internet access, it also opens up the ability for hackers to connect with any username they choose.
[23:38:21] [Server thread/WARN]: To change this, set "online-mode" to "true" in the server.properties file.
[23:38:21] [Server thread/INFO]: Preparing level "world"
[23:38:21] [Server thread/INFO]: Loading 0 persistent chunks...
[23:38:21] [Server thread/INFO]: Preparing spawn area: 100%
[23:38:21] [Server thread/INFO]: Time elapsed: 14 ms
[23:38:21] [Server thread/INFO]: Done (0.368s)! For help, type "help"
[23:39:16] [Server thread/INFO]: serante[/127.225.238.10:40419] logged in with entity id 19 at (281.30000001192093, 66.0, 342.58004759537215)
[23:39:16] [Server thread/INFO]: serante joined the game
[23:41:26] [Server thread/WARN]: Can't keep up! Is the server overloaded? Running 2944ms or 58 ticks behind
[23:46:17] [Server thread/INFO]: Palmarsisa[/127.240.55.215:60561] logged in with entity id 1385 at (288.69999998807907, 67.0, 243.69999998807907)
[23:46:17] [Server thread/INFO]: Palmarsisa joined the game
[23:47:10] [Server thread/INFO]: Palmarsisa lost connection: Disconnected
[23:47:10] [Server thread/INFO]: Palmarsisa left the game
